2025-10-01 23:01:24,685 - INFO - Using device: cpu
2025-10-01 23:01:24,686 - INFO - ======================================================================
2025-10-01 23:01:24,722 - INFO - ======================================================================
2025-10-01 23:01:24,722 - INFO - Loading processed datasets...
2025-10-01 23:06:45,941 - INFO - Using device: cpu
2025-10-01 23:06:45,941 - INFO - ======================================================================
2025-10-01 23:06:45,945 - INFO - ======================================================================
2025-10-01 23:06:45,947 - INFO - Loading processed datasets...
2025-10-01 23:06:45,978 - INFO - Train data: (1495, 9), Val data: (321, 9), Test data: (321, 9)
2025-10-01 23:06:45,978 - INFO - Preparing data for N-BEATS...
2025-10-01 23:07:30,757 - INFO - Using device: cpu
2025-10-01 23:07:30,757 - INFO - ======================================================================
2025-10-01 23:07:30,761 - INFO - ======================================================================
2025-10-01 23:07:30,761 - INFO - Loading processed datasets...
2025-10-01 23:07:30,773 - INFO - Train data: (1495, 9), Val data: (321, 9), Test data: (321, 9)
2025-10-01 23:07:30,773 - INFO - Preparing data for N-BEATS...
2025-10-01 23:07:30,801 - INFO - N-BEATS sequences: X_train: (1465, 270), X_val: (291, 270)
2025-10-01 23:07:30,801 - INFO - Training N-BEATS model...
2025-10-01 23:07:34,305 - INFO - Epoch 0: Train Loss: 815733036228296.375000, Val Loss: 111314767462.399994
2025-10-01 23:07:52,996 - INFO - Epoch 10: Train Loss: 815300908682841.000000, Val Loss: 107750525747.199997
2025-10-01 23:08:10,787 - INFO - Epoch 20: Train Loss: 815083146087824.750000, Val Loss: 152384025395.200012
2025-10-01 23:08:25,812 - INFO - Early stopping at epoch 28
2025-10-01 23:08:25,885 - INFO - N-BEATS - Val MAE: 158409.02, Val RMSE: 195120.67, Val MAPE: 127.11%
2025-10-01 23:08:25,886 - INFO - Saving transformer models results...
2025-10-01 23:08:25,894 - INFO - Results saved to models\transformer
2025-10-01 23:08:25,894 - INFO - ======================================================================
2025-10-01 23:08:25,897 - INFO - ======================================================================
2025-10-01 23:08:25,897 - INFO - NBEATS:
2025-10-01 23:08:25,897 - INFO -   Validation MAE: 158409.02
2025-10-01 23:08:25,897 - INFO -   Validation RMSE: 195120.67
2025-10-01 23:08:25,898 - INFO -   Validation MAPE: 127.11%
2025-10-01 23:08:25,898 - INFO -   Epochs Trained: 29
2025-10-01 23:08:25,899 - INFO -   Convergence: Good
2025-10-01 23:08:25,899 - INFO - --------------------------------------------------
2025-10-01 23:08:25,902 - INFO - ======================================================================
2025-10-01 23:08:25,905 - INFO - ======================================================================
2025-10-01 23:08:25,915 - INFO - Best Model Performance Comparison:
2025-10-01 23:08:25,915 - INFO - Baseline (ARIMA): MAE 682726.14, MAPE 521.26%
2025-10-01 23:08:25,916 - INFO - ML (XGBoost): MAE 27137.51, MAPE 14.53%
2025-10-01 23:08:25,916 - INFO - DL (Bi-LSTM): MAE 0.00, MAPE 391629692336971.12%
2025-10-01 23:08:25,917 - INFO - Transformer (NBEATS): MAE 158409.02, MAPE 127.11%
2025-10-01 23:08:25,917 - INFO - 
Improvements:
2025-10-01 23:08:25,917 - INFO - Transformer vs Baseline: 76.8% better
2025-10-02 15:33:00,917 - INFO - Using device: cpu
2025-10-02 15:33:00,918 - INFO - ======================================================================
2025-10-02 15:33:00,953 - INFO - ======================================================================
2025-10-02 15:33:00,953 - INFO - Loading processed datasets...
2025-10-02 15:33:00,968 - INFO - Train data: (1495, 9), Val data: (321, 9), Test data: (321, 9)
2025-10-02 15:33:00,969 - INFO - Preparing data for TFT...
2025-10-02 15:33:00,974 - INFO - TFT data prepared: (1816, 14)
2025-10-02 15:33:00,974 - INFO - Preparing data for N-BEATS...
2025-10-02 15:33:35,208 - INFO - Using device: cpu
2025-10-02 15:33:35,208 - INFO - ======================================================================
2025-10-02 15:33:35,212 - INFO - ======================================================================
2025-10-02 15:33:35,212 - INFO - Loading processed datasets...
2025-10-02 15:33:35,230 - INFO - Train data: (1495, 9), Val data: (321, 9), Test data: (321, 9)
2025-10-02 15:33:35,231 - INFO - Preparing data for TFT...
2025-10-02 15:33:35,235 - INFO - TFT data prepared: (1816, 14)
2025-10-02 15:33:35,235 - INFO - Preparing data for N-BEATS...
2025-10-02 15:34:03,654 - INFO - Using device: cpu
2025-10-02 15:34:03,654 - INFO - ======================================================================
2025-10-02 15:34:03,660 - INFO - ======================================================================
2025-10-02 15:34:03,660 - INFO - Loading processed datasets...
2025-10-02 15:34:03,677 - INFO - Train data: (1495, 9), Val data: (321, 9), Test data: (321, 9)
2025-10-02 15:34:03,677 - INFO - Preparing data for TFT...
2025-10-02 15:34:03,682 - INFO - TFT data prepared: (1816, 14)
2025-10-02 15:34:03,682 - INFO - Preparing data for N-BEATS...
2025-10-02 15:34:03,702 - INFO - N-BEATS sequences: X_train: (1465, 270), X_val: (291, 270)
2025-10-02 15:34:03,702 - INFO - Training Temporal Fusion Transformer...
2025-10-02 15:34:03,778 - ERROR - TFT training failed: Time difference between steps has been idenfied as larger than 1 - set allow_missing_timesteps=True
2025-10-02 15:34:03,779 - INFO - Training N-BEATS model...
2025-10-02 15:34:05,578 - INFO - Epoch 0: Train Loss: 9861642741323640.000000, Val Loss: 7263384808106.666992
2025-10-02 15:34:25,019 - INFO - Epoch 10: Train Loss: 9860193294751790.000000, Val Loss: 6758489919943.111328
2025-10-02 15:34:43,415 - INFO - Epoch 20: Train Loss: 9859558486960810.000000, Val Loss: 8622540907406.222656
2025-10-02 15:34:45,647 - INFO - Early stopping at epoch 21
2025-10-02 15:34:45,725 - INFO - N-BEATS - Val MAE: 1075299.88, Val RMSE: 2524746.50, Val MAPE: 454.69%
2025-10-02 15:34:45,726 - INFO - Saving transformer models results...
2025-10-02 15:34:45,731 - INFO - Results saved to models\transformer
2025-10-02 15:34:45,732 - INFO - ======================================================================
2025-10-02 15:34:45,735 - INFO - ======================================================================
2025-10-02 15:34:45,736 - INFO - TFT:
2025-10-02 15:34:45,736 - INFO -   Validation MAE: inf
2025-10-02 15:34:45,736 - INFO -   Validation RMSE: inf
2025-10-02 15:34:45,737 - INFO -   Validation MAPE: inf%
2025-10-02 15:34:45,737 - INFO -   Epochs Trained: 0
2025-10-02 15:34:45,738 - INFO -   Convergence: Failed
2025-10-02 15:34:45,738 - INFO - --------------------------------------------------
2025-10-02 15:34:45,738 - INFO - NBEATS:
2025-10-02 15:34:45,739 - INFO -   Validation MAE: 1075299.88
2025-10-02 15:34:45,739 - INFO -   Validation RMSE: 2524746.50
2025-10-02 15:34:45,739 - INFO -   Validation MAPE: 454.69%
2025-10-02 15:34:45,739 - INFO -   Epochs Trained: 22
2025-10-02 15:34:45,740 - INFO -   Convergence: Good
2025-10-02 15:34:45,740 - INFO - --------------------------------------------------
2025-10-02 15:34:45,743 - INFO - ======================================================================
2025-10-02 15:34:45,745 - INFO - ======================================================================
2025-10-02 15:34:45,771 - INFO - Best Model Performance Comparison:
2025-10-02 15:34:45,772 - INFO - Baseline (ARIMA): MAE 3117476.40, MAPE 1809.16%
2025-10-02 15:34:45,772 - INFO - ML (XGBoost): MAE 60129.04, MAPE 12.30%
2025-10-02 15:34:45,772 - INFO - DL (Bi-LSTM): MAE 0.00, MAPE 459536588614724.69%
2025-10-02 15:34:45,773 - INFO - Transformer (NBEATS): MAE 1075299.88, MAPE 454.69%
2025-10-02 15:34:45,773 - INFO - 
Improvements:
2025-10-02 15:34:45,774 - INFO - Transformer vs Baseline: 65.5% better
2025-10-02 18:25:30,868 - INFO - Using device: cpu
2025-10-02 18:25:30,869 - INFO - ======================================================================
2025-10-02 18:25:30,923 - INFO - ======================================================================
2025-10-02 18:25:30,923 - INFO - Loading processed datasets...
2025-10-02 18:25:30,944 - INFO - Train data: (1495, 11), Val data: (321, 11), Test data: (321, 11)
2025-10-02 18:25:30,944 - INFO - Preparing data for N-BEATS...
2025-10-02 18:25:30,972 - INFO - N-BEATS sequences: X_train: (1465, 330), X_val: (291, 330)
2025-10-02 18:25:30,972 - INFO - Training N-BEATS model...
2025-10-02 18:25:35,455 - INFO - Epoch 0: Train Loss: 1911451764.173913, Val Loss: 2423457433.600000
2025-10-02 18:25:56,361 - INFO - Epoch 10: Train Loss: 2027452798.608696, Val Loss: 2226660006.400000
2025-10-02 18:26:15,068 - INFO - Early stopping at epoch 17
2025-10-02 18:26:15,156 - INFO - N-BEATS - Val MAE: 5835.47, Val RMSE: 8327.16, Val MAPE: 14.88%, Val R²: -2.190, Dir.Acc: 50.3%
2025-10-02 18:26:15,157 - INFO - Saving transformer models results...
2025-10-02 18:26:15,163 - INFO - Results saved to models\transformer
2025-10-02 18:26:15,164 - INFO - ======================================================================
2025-10-02 18:26:15,167 - INFO - ======================================================================
2025-10-02 18:26:15,168 - INFO - NBEATS:
2025-10-02 18:26:15,168 - INFO -   Validation MAE: 5835.47
2025-10-02 18:26:15,168 - INFO -   Validation RMSE: 8327.16
2025-10-02 18:26:15,168 - INFO -   Validation MAPE: 14.88%
2025-10-02 18:26:15,169 - INFO -   Epochs Trained: 18
2025-10-02 18:26:15,169 - INFO -   Convergence: Good
2025-10-02 18:26:15,170 - INFO - --------------------------------------------------
2025-10-02 18:26:15,175 - INFO - ======================================================================
2025-10-02 18:26:15,179 - INFO - ======================================================================
2025-10-02 18:26:15,207 - INFO - Best Model Performance Comparison:
2025-10-02 18:26:15,207 - INFO - Baseline (Linear Regression): MAE 1693.87, MAPE 5.61%
2025-10-02 18:26:15,208 - INFO - ML (XGBoost): MAE 22.73, MAPE 0.07%
2025-10-02 18:26:15,209 - INFO - DL (LSTM): MAE 0.10, MAPE 19533457609709032.00%
2025-10-02 18:26:15,209 - INFO - Transformer (NBEATS): MAE 5835.47, MAPE 14.88%
2025-10-02 18:26:15,210 - INFO - 
Transformer vs Baseline: 244.5% worse
